This is pdfTeX, Version 3.141592653-2.6-1.40.28 (TeX Live 2025) (preloaded format=pdflatex 2026.2.4)  31 MAY 2026 22:20
entering extended mode
 restricted \write18 enabled.
 file:line:error style messages enabled.
 %&-line parsing enabled.
**"c:/DIGA3001A Games/unity-assignment-projects/Exam Document/main.tex"
(c:/DIGA3001A Games/unity-assignment-projects/Exam Document/main.tex
LaTeX2e <2025-11-01>
L3 programming layer <2026-01-19>
(c:/texlive/2025/texmf-dist/tex/latex/base/article.cls
Document Class: article 2025/01/22 v1.4n Standard LaTeX document class
(c:/texlive/2025/texmf-dist/tex/latex/base/size10.clo
File: size10.clo 2025/01/22 v1.4n Standard LaTeX file (size option)
)
\c@part=\count275
\c@section=\count276
\c@subsection=\count277
\c@subsubsection=\count278
\c@paragraph=\count279
\c@subparagraph=\count280
\c@figure=\count281
\c@table=\count282
\abovecaptionskip=\skip49
\belowcaptionskip=\skip50
\bibindent=\dimen148
) (c:/texlive/2025/texmf-dist/tex/latex/float/float.sty
Package: float 2001/11/08 v1.3d Float enhancements (AL)
\c@float@type=\count283
\float@exts=\toks17
\float@box=\box53
\@float@everytoks=\toks18
\@floatcapt=\box54
) (c:/texlive/2025/texmf-dist/tex/latex/graphics/graphicx.sty
Package: graphicx 2024/12/31 v1.2e Enhanced LaTeX Graphics (DPC,SPQR)
 (c:/texlive/2025/texmf-dist/tex/latex/graphics/keyval.sty
Package: keyval 2022/05/29 v1.15 key=value parser (DPC)
\KV@toks@=\toks19
) (c:/texlive/2025/texmf-dist/tex/latex/graphics/graphics.sty
Package: graphics 2024/08/06 v1.4g Standard LaTeX Graphics (DPC,SPQR)
 (c:/texlive/2025/texmf-dist/tex/latex/graphics/trig.sty
Package: trig 2023/12/02 v1.11 sin cos tan (DPC)
) (c:/texlive/2025/texmf-dist/tex/latex/graphics-cfg/graphics.cfg
File: graphics.cfg 2016/06/04 v1.11 sample graphics configuration
)
Package graphics Info: Driver file: pdftex.def on input line 106.
 (c:/texlive/2025/texmf-dist/tex/latex/graphics-def/pdftex.def
File: pdftex.def 2025/09/29 v1.2d Graphics/color driver for pdftex
))
\Gin@req@height=\dimen149
\Gin@req@width=\dimen150
) (c:/texlive/2025/texmf-dist/tex/latex/glossaries/base/glossaries.sty
Package: glossaries 2025/11/09 v4.9 (NLCT)
 (c:/texlive/2025/texmf-dist/tex/latex/base/ifthen.sty
Package: ifthen 2024/03/16 v1.1e Standard LaTeX ifthen package (DPC)
) (c:/texlive/2025/texmf-dist/tex/latex/xkeyval/xkeyval.sty
Package: xkeyval 2025/11/04 v2.10 package option processing (HA)
 (c:/texlive/2025/texmf-dist/tex/generic/xkeyval/xkeyval.tex (c:/texlive/2025/texmf-dist/tex/generic/xkeyval/xkvutils.tex
\XKV@toks=\toks20
\XKV@tempa@toks=\toks21
\XKV@tempb@toks=\toks22
)
\XKV@depth=\count284
File: xkeyval.tex 2014/12/03 v2.7a key=value parser (HA)
)) (c:/texlive/2025/texmf-dist/tex/latex/mfirstuc/mfirstuc.sty
Package: mfirstuc 2025/04/03 v2.09 (NLCT)
 (c:/texlive/2025/texmf-dist/tex/latex/etoolbox/etoolbox.sty
Package: etoolbox 2025/10/02 v2.5m e-TeX tools for LaTeX (JAW)
\etb@tempcnta=\count285
)
\@glsmfirst=\toks23
\@glsmrest=\toks24
) (c:/texlive/2025/texmf-dist/tex/latex/xfor/xfor.sty
Package: xfor 2009/02/05 v1.05 (NLCT)
) (c:/texlive/2025/texmf-dist/tex/latex/amsmath/amsgen.sty
File: amsgen.sty 1999/11/30 v2.0 generic functions
\@emptytoks=\toks25
\ex@=\dimen151
) (c:/texlive/2025/texmf-dist/tex/latex/datatool/datatool-base.sty
Package: datatool-base 2025/12/04 v3.4.3 (NLCT)
 (c:/texlive/2025/texmf-dist/tex/latex/amsmath/amsmath.sty
Package: amsmath 2025/07/09 v2.17z AMS math features
\@mathmargin=\skip51

For additional information on amsmath, use the `?' option.
(c:/texlive/2025/texmf-dist/tex/latex/amsmath/amstext.sty
Package: amstext 2024/11/17 v2.01 AMS text
) (c:/texlive/2025/texmf-dist/tex/latex/amsmath/amsbsy.sty
Package: amsbsy 1999/11/29 v1.2d Bold Symbols
\pmbraise@=\dimen152
) (c:/texlive/2025/texmf-dist/tex/latex/amsmath/amsopn.sty
Package: amsopn 2022/04/08 v2.04 operator names
)
\inf@bad=\count286
LaTeX Info: Redefining \frac on input line 233.
\uproot@=\count287
\leftroot@=\count288
LaTeX Info: Redefining \overline on input line 398.
LaTeX Info: Redefining \colon on input line 409.
\classnum@=\count289
\DOTSCASE@=\count290
LaTeX Info: Redefining \ldots on input line 495.
LaTeX Info: Redefining \dots on input line 498.
LaTeX Info: Redefining \cdots on input line 619.
\Mathstrutbox@=\box55
\strutbox@=\box56
LaTeX Info: Redefining \big on input line 721.
LaTeX Info: Redefining \Big on input line 722.
LaTeX Info: Redefining \bigg on input line 723.
LaTeX Info: Redefining \Bigg on input line 724.
\big@size=\dimen153
LaTeX Font Info:    Redeclaring font encoding OML on input line 742.
LaTeX Font Info:    Redeclaring font encoding OMS on input line 743.
\macc@depth=\count291
LaTeX Info: Redefining \bmod on input line 904.
LaTeX Info: Redefining \pmod on input line 909.
LaTeX Info: Redefining \smash on input line 939.
LaTeX Info: Redefining \relbar on input line 969.
LaTeX Info: Redefining \Relbar on input line 970.
\c@MaxMatrixCols=\count292
\dotsspace@=\muskip17
\c@parentequation=\count293
\dspbrk@lvl=\count294
\tag@help=\toks26
\row@=\count295
\column@=\count296
\maxfields@=\count297
\andhelp@=\toks27
\eqnshift@=\dimen154
\alignsep@=\dimen155
\tagshift@=\dimen156
\tagwidth@=\dimen157
\totwidth@=\dimen158
\lineht@=\dimen159
\@envbody=\toks28
\multlinegap=\skip52
\multlinetaggap=\skip53
\mathdisplay@stack=\toks29
LaTeX Info: Redefining \[ on input line 2950.
LaTeX Info: Redefining \] on input line 2951.
) (c:/texlive/2025/texmf-dist/tex/latex/tracklang/tracklang.sty
Package: tracklang 2025/03/11 v1.6.6 (NLCT) Track Languages
 (c:/texlive/2025/texmf-dist/tex/generic/tracklang/tracklang.tex))
\l__datatool_tmpa_int=\count298
\l__datatool_tmpb_int=\count299
\l__datatool_tmpc_int=\count300
\l__datatool_tmpd_int=\count301
\l__datatool_count_int=\count302
\l__datatool_tmp_datatype_int=\count303
\l__datatool_tmpa_dim=\dimen160
\l__datatool_tmpb_dim=\dimen161
 (c:/texlive/2025/texmf-dist/tex/latex/datatool/datatool-l3fp.def
File: datatool-l3fp.def 2025/12/04 v3.4.3 (NLCT)
)
\@dtl@toks=\toks30
\@dtl@tmpcount=\count304
\dtl@tmplength=\skip54
\l__datatool_measure_box=\box57
\dtl@sortresult=\count305
 (c:/texlive/2025/texmf-dist/tex/latex/datatool/datatool-utf8.ldf
File: datatool-utf8.ldf 2025/12/04 v3.4.3 (NLCT)
)
\@dtl@datatype=\count306
\c_datatool_unknown_int=\count307
\l__datatool_year_int=\count308
\l__datatool_month_int=\count309
\l__datatool_day_int=\count310
\l__datatool_hour_int=\count311
\l__datatool_minute_int=\count312
\l__datatool_second_int=\count313
\l__datatool_tzhour_int=\count314
\l__datatool_tzminute_int=\count315
\l__datatool_julian_int=\count316
\l__datatool_local_julian_int=\count317
\l__datatool_prefix_int=\count318
\l__datatool_suffix_int=\count319
\@dtl@foreach@level=\count320
\dtl@codeA=\count321
\dtl@codeB=\count322
)
\gls@level=\count323
\@gls@tmpb=\toks31
\gls@tmplen=\skip55
\l__glossaries_tmpa_dim=\dimen162
\l__glossaries_tmpb_dim=\dimen163
\glskeylisttok=\toks32
\glslabeltok=\toks33
\glsshorttok=\toks34
\glslongtok=\toks35
 (c:/texlive/2025/texmf-dist/tex/latex/glossaries/styles/glossary-hypernav.sty
Package: glossary-hypernav 2025/11/09 v4.9 (NLCT)
) (c:/texlive/2025/texmf-dist/tex/latex/glossaries/styles/glossary-list.sty
Package: glossary-list 2025/11/09 v4.9 (NLCT)
\glslistdottedwidth=\skip56
) (c:/texlive/2025/texmf-dist/tex/latex/glossaries/styles/glossary-long.sty
Package: glossary-long 2025/11/09 v4.9 (NLCT)
 (c:/texlive/2025/texmf-dist/tex/latex/tools/longtable.sty
Package: longtable 2025-10-13 v4.24 Multi-page Table package (DPC)
\LTleft=\skip57
\LTright=\skip58
\LTpre=\skip59
\LTpost=\skip60
\LTchunksize=\count324
\LTcapwidth=\dimen164
\LT@head=\box58
\LT@firsthead=\box59
\LT@foot=\box60
\LT@lastfoot=\box61
\LT@gbox=\box62
\LT@cols=\count325
\LT@rows=\count326
\c@LT@tables=\count327
\c@LT@chunks=\count328
\LT@p@ftn=\toks36
)
\glsdescwidth=\skip61
\glspagelistwidth=\skip62
) (c:/texlive/2025/texmf-dist/tex/latex/glossaries/styles/glossary-super.sty
Package: glossary-super 2025/11/09 v4.9 (NLCT)
 (c:/texlive/2025/texmf-dist/tex/latex/supertabular/supertabular.sty
Package: supertabular 2025/06/26 v4.2d the supertabular environment
\c@tracingst=\count329
\ST@wd=\dimen165
\ST@rightskip=\skip63
\ST@leftskip=\skip64
\ST@parfillskip=\skip65
\ST@pageleft=\dimen166
\ST@headht=\dimen167
\ST@tailht=\dimen168
\ST@pagesofar=\dimen169
\ST@pboxht=\dimen170
\ST@rowht=\dimen171
\ST@prevht=\dimen172
\ST@toadd=\dimen173
\ST@dimen=\dimen174
\ST@pbox=\box63
)) (c:/texlive/2025/texmf-dist/tex/latex/glossaries/styles/glossary-tree.sty
Package: glossary-tree 2025/11/09 v4.9 (NLCT)
\l__glossaries_tree_max_known_level_int=\count330
\l__glossaries_tree_offset_dim=\dimen175
\l__glossaries_tree_namewidth_dim=\dimen176
\l__glossaries_tree_symbolwidth_dim=\dimen177
\l__glossaries_tree_prenamesym_width_dim=\dimen178
\l__glossaries_tree_presubnamesym_width_dim=\dimen179
\l__glossaries_tree_namewidth_padding_dim=\dimen180
\l__glossaries_tree_symbolwidth_padding_dim=\dimen181
\l__glossaries_tree_namesymbolwidth_dim=\dimen182
\l__glossaries_tree_namesymbolwidth_padding_dim=\dimen183
\l__glossaries_tree_level_int=\count331
\glstreeindent=\skip66
))
\glswrite=\write3
\glo@main@file=\write4
\openout4 = `main.glo'.

Package glossaries Info: Writing glossary file main.glo on input line 7.
 (c:/texlive/2025/texmf-dist/tex/latex/l3backend/l3backend-pdftex.def
File: l3backend-pdftex.def 2025-10-09 L3 backend support: PDF output (pdfTeX)
\l__color_backend_stack_int=\count332
) (./main.aux)
\openout1 = `main.aux'.

LaTeX Font Info:    Checking defaults for OML/cmm/m/it on input line 89.
LaTeX Font Info:    ... okay on input line 89.
LaTeX Font Info:    Checking defaults for OMS/cmsy/m/n on input line 89.
LaTeX Font Info:    ... okay on input line 89.
LaTeX Font Info:    Checking defaults for OT1/cmr/m/n on input line 89.
LaTeX Font Info:    ... okay on input line 89.
LaTeX Font Info:    Checking defaults for T1/cmr/m/n on input line 89.
LaTeX Font Info:    ... okay on input line 89.
LaTeX Font Info:    Checking defaults for TS1/cmr/m/n on input line 89.
LaTeX Font Info:    ... okay on input line 89.
LaTeX Font Info:    Checking defaults for OMX/cmex/m/n on input line 89.
LaTeX Font Info:    ... okay on input line 89.
LaTeX Font Info:    Checking defaults for U/cmr/m/n on input line 89.
LaTeX Font Info:    ... okay on input line 89.
 (c:/texlive/2025/texmf-dist/tex/context/base/mkii/supp-pdf.mkii
[Loading MPS to PDF converter (version 2006.09.02).]
\scratchcounter=\count333
\scratchdimen=\dimen184
\scratchbox=\box64
\nofMPsegments=\count334
\nofMParguments=\count335
\everyMPshowfont=\toks37
\MPscratchCnt=\count336
\MPscratchDim=\dimen185
\MPnumerator=\count337
\makeMPintoPDFobject=\count338
\everyMPtoPDFconversion=\toks38
) (c:/texlive/2025/texmf-dist/tex/latex/epstopdf-pkg/epstopdf-base.sty
Package: epstopdf-base 2020-01-24 v2.11 Base part for package epstopdf
Package epstopdf-base Info: Redefining graphics rule for `.eps' on input line 485.
 (c:/texlive/2025/texmf-dist/tex/latex/latexconfig/epstopdf-sys.cfg
File: epstopdf-sys.cfg 2010/07/13 v1.3 Configuration of (r)epstopdf for TeX Live
)) [1

\openout3 = `main.ist'.

{c:/texlive/2025/texmf-var/fonts/map/pdftex/updmap/pdftex.map}] [2] [3{c:/texlive/2025/texmf-dist/fonts/enc/dvips/cm-super/cm-super-ts1.enc}] [4] [5] [6] [7]
<Images/Tutorial/FinalTutorialHub.png, id=30, 609.02531pt x 343.2825pt>
File: Images/Tutorial/FinalTutorialHub.png Graphic file (type png)
<use Images/Tutorial/FinalTutorialHub.png>
Package pdftex.def Info: Images/Tutorial/FinalTutorialHub.png  used on input line 323.
(pdftex.def)             Requested size: 137.9979pt x 77.77998pt.
<Images/Tutorial/OriginalTutorial.png, id=32, 303.38344pt x 361.35pt>
File: Images/Tutorial/OriginalTutorial.png Graphic file (type png)
<use Images/Tutorial/OriginalTutorial.png>
Package pdftex.def Info: Images/Tutorial/OriginalTutorial.png  used on input line 329.
(pdftex.def)             Requested size: 137.9979pt x 164.36488pt.
<Images/Tutorial/LightTutorial.png, id=33, 351.56343pt x 278.54062pt>
File: Images/Tutorial/LightTutorial.png Graphic file (type png)
<use Images/Tutorial/LightTutorial.png>
Package pdftex.def Info: Images/Tutorial/LightTutorial.png  used on input line 337.
(pdftex.def)             Requested size: 137.99431pt x 137.99916pt.
 [8 <./Images/Tutorial/FinalTutorialHub.png> <./Images/Tutorial/OriginalTutorial.png> <./Images/Tutorial/LightTutorial.png>]
<Images/Prototype 1/CorruptedArea.png, id=40, 621.82312pt x 313.9228pt>
File: Images/Prototype 1/CorruptedArea.png Graphic file (type png)
<use Images/Prototype 1/CorruptedArea.png>
Package pdftex.def Info: Images/Prototype 1/CorruptedArea.png  used on input line 353.
(pdftex.def)             Requested size: 137.9979pt x 69.66676pt.
<Images/Prototype 1/OriginalMap.png, id=41, 461.47406pt x 302.63063pt>
File: Images/Prototype 1/OriginalMap.png Graphic file (type png)
<use Images/Prototype 1/OriginalMap.png>
Package pdftex.def Info: Images/Prototype 1/OriginalMap.png  used on input line 359.
(pdftex.def)             Requested size: 137.9979pt x 90.49434pt.
 [9 <./Images/Prototype 1/CorruptedArea.png> <./Images/Prototype 1/OriginalMap.png>]
<Images/General/OriginalPlayerLight.png, id=47, 274.02374pt x 228.10219pt>
File: Images/General/OriginalPlayerLight.png Graphic file (type png)
<use Images/General/OriginalPlayerLight.png>
Package pdftex.def Info: Images/General/OriginalPlayerLight.png  used on input line 390.
(pdftex.def)             Requested size: 137.9979pt x 114.87221pt.
<Images/General/ExpandedPlayerLight.png, id=48, 324.46219pt x 270.25969pt>
File: Images/General/ExpandedPlayerLight.png Graphic file (type png)
<use Images/General/ExpandedPlayerLight.png>
Package pdftex.def Info: Images/General/ExpandedPlayerLight.png  used on input line 396.
(pdftex.def)             Requested size: 137.9979pt x 114.9475pt.

Underfull \hbox (badness 2486) in paragraph at lines 397--397
[]\OT1/cmr/m/n/10 Figure 7: Ex-panded Player
 []

<Images/General/Minimap.png, id=49, 724.20563pt x 398.99063pt>
File: Images/General/Minimap.png Graphic file (type png)
<use Images/General/Minimap.png>
Package pdftex.def Info: Images/General/Minimap.png  used on input line 404.
(pdftex.def)             Requested size: 345.00684pt x 137.99893pt.
[10 <./Images/General/OriginalPlayerLight.png> <./Images/General/ExpandedPlayerLight.png> <./Images/General/Minimap.png>] [11] [12]
Overfull \hbox (62.20363pt too wide) in paragraph at lines 508--524
\OT1/cmr/m/n/10 You," \OT1/cmr/m/it/10 www.gamedeveloper.com\OT1/cmr/m/n/10 , Nov. 06, 2023. https://www.gamedeveloper.com/design/why-
 []


Overfull \hbox (93.54546pt too wide) in paragraph at lines 508--524
\OT1/cmr/m/n/10 tive, Oct. 6 2014. [On-line]. Avail-able: https://store.steampowered.com/app/214490/Alien[]Isolation/
 []


Overfull \hbox (90.89548pt too wide) in paragraph at lines 508--524
\OT1/cmr/m/n/10 Jun. 14 2016. [On-line]. Avail-able: https://store.steampowered.com/app/381210/Dead[]by[]Daylight/
 []


Overfull \hbox (79.73232pt too wide) in paragraph at lines 508--524
\OT1/cmr/m/n/10 die Game," Game De-vel-oper, Apr. 07, 2017. https://www.gamedeveloper.com/business/gamedev-
 []


Underfull \hbox (badness 10000) in paragraph at lines 508--524

 []

[13{c:/texlive/2025/texmf-dist/fonts/enc/dvips/cm-super/cm-super-t1.enc}]
No file main.gls.
[14] (./main.aux)
 ***********
LaTeX2e <2025-11-01>
L3 programming layer <2026-01-19>
 ***********
 ) 
Here is how much of TeX's memory you used:
 9931 strings out of 467533
 210749 string characters out of 5423669
 684204 words of memory out of 5000000
 38777 multiletter control sequences out of 15000+600000
 633786 words of font info for 59 fonts, out of 8000000 for 9000
 1141 hyphenation exceptions out of 8191
 78i,8n,79p,2533b,355s stack positions out of 10000i,1000n,20000p,200000b,200000s
<c:/texlive/2025/texmf-dist/fonts/type1/public/amsfonts/cm/cmbx12.pfb><c:/texlive/2025/texmf-dist/fonts/type1/public/amsfonts/cm/cmr10.pfb><c:/texlive/2025/texmf-dist/fonts/type1/public/amsfonts/cm/cmr12.pfb><c:/texlive/2025/texmf-dist/fonts/type1/public/amsfonts/cm/cmr17.pfb><c:/texlive/2025/texmf-dist/fonts/type1/public/amsfonts/cm/cmti10.pfb><c:/texlive/2025/texmf-dist/fonts/type1/public/cm-super/sfrm1000.pfb>
Output written on main.pdf (14 pages, 408494 bytes).
PDF statistics:
 102 PDF objects out of 1000 (max. 8388607)
 56 compressed objects within 1 object stream
 0 named destinations out of 1000 (max. 500000)
 41 words of extra memory for PDF output out of 10000 (max. 10000000)

